☁️  awsp profile selector
↑↓: move  Enter: select  type or /: filter  Esc: clear  q: quit
╭──────────────────────────────────────────────────────────╮╭─────────────────────────────────────────────────────────╮
│  🧭 Profiles                                             ││ 🧹 Unset mode                                           │
│ │ ▶ 🧹 (unset)  -                                        ││ 現在の環境変数を解除                                    │
│    🟢 dev  52m                                           ││                                                         │
│    🔴 prod  -11h                                         ││ unset AWS_PROFILE                                       │
│    🪪 legacy  -                                          ││ unset AWS_ACCESS_KEY_ID                                 │
│                                                          ││ unset AWS_SECRET_ACCESS_KEY                             │
│                                                          ││ unset AWS_SESSION_TOKEN                                 │
│                                                          ││                                                         │
│                                                          ││                                                         │
│                                                          ││                                                         │
│                                                          ││                                                         │
│                                                          ││                                                         │
│                                                          ││                                                         │
│                                                          ││                                                         │
│                                                          ││                                                         │
│                                                          ││                                                         │
│                                                          ││                                                         │
│                                                          ││                                                         │
│                                                          ││                                                         │
│                                                          ││                                                         │
│                                                          ││                                                         │
│                                                          ││                                                         │
│                                                          ││                                                         │
│                                                          ││                                                         │
│                                                          ││                                                         │
╰──────────────────────────────────────────────────────────╯╰─────────────────────────────────────────────────────────╯