☁️  awsp  ● 現在の profile
↑↓ 移動  Enter 決定  / 検索  q 終了
╭──────────────────────────────────────────────╮╭──────────────────────────────────────────────────────────────────────╮
│  🧭 Profiles                                 ││ 📋 Profile detail                                                    │
│    🧹 (unset)                                ││ 🔐 name         dev                                                  │
│ │ ▶ 🟢 dev                                   ││ 🌏 region       us-west-2                                            │
│    🔴 prod                                   ││ 🧾 output       -                                                    │
│    🪪 legacy                                 ││ 🧩 session      corp                                                 │
│                                              ││ 🏢 account      111122223333                                         │
│                                              ││ 🛡  role         AdministratorAccess                                  │
│                                              ││ 🎭 role arn     -                                                    │
│                                              ││ 🔗 source       -                                                    │
│                                              ││                                                                      │
│                                              ││ 🟢 state        ok                                                   │
│                                              ││ ⏳ SSO expires  01/01 00:52 UTC                                      │
│                                              ││ 🕘 fetched      -                                                    │
│                                              ││ 🔑 cred expires -                                                    │
│                                              ││                                                                      │
│                                              ││ 接続時は caller identity を取得して表示                              │
│                                              ││                                                                      │
│                                              ││                                                                      │
│                                              ││                                                                      │
│                                              ││                                                                      │
│                                              ││                                                                      │
│                                              ││                                                                      │
│                                              ││                                                                      │
│                                              ││                                                                      │
│                                              ││                                                                      │
│                                              ││                                                                      │
╰──────────────────────────────────────────────╯╰──────────────────────────────────────────────────────────────────────╯