[>4m[?1049h[?25l[?2004h[>4;2m[>1u[H[2J[K☁️  awsp profile selector
↑↓: move  Enter: select  type or /: filter  Esc: clear  q: quit
╭──────────────────────────────────────────────────────────╮╭─────────────────────────────────────────────────────────╮
[K│  🧭 Profiles                                             ││ 🧹 Unset mode                                           │[120G
[K│ │ ▶ 🧹 (unset)  -                                        ││ 現在の環境変数を解除                                    │[120G
[K│    🟢 dev  52m                                           ││                                                         │[120G
[K│    🔴 prod  -11h                                         ││ unset AWS_PROFILE                                       │[120G
[K│    🪪 legacy  -                                          ││ unset AWS_ACCESS_KEY_ID                                 │[120G
│                                                          ││ unset AWS_SECRET_ACCESS_KEY                             │
│                                                          ││ unset AWS_SESSION_TOKEN                                 │
│                                                          ││                                                         │
│                                                          ││                                                         │
│                                                          ││                                                         │
│                                                          ││                                                         │
│                                                          ││                                                         │
│                                                          ││                                                         │
│                                                          ││                                                         │
│                                                          ││                                                         │
│                                                          ││                                                         │
│                                                          ││                                                         │
│                                                          ││                                                         │
│                                                          ││                                                         │
│                                                          ││                                                         │
│                                                          ││                                                         │
│                                                          ││                                                         │
│                                                          ││                                                         │
│                                                          ││                                                         │
│                                                          ││                                                         │
╰──────────────────────────────────────────────────────────╯╰─────────────────────────────────────────────────────────╯[>4m[<1u[30;1H[?1049l[?25h[?2004l[?2026$p[?2027$p