☁️  awsp profile selector
↑↓: move  Enter: select  type or /: filter  Esc: clear  q: quit
╭───────────────────────────────────────────────────────────╮╭─────────────────────────────────────────────────────────╮
│  🔎 dev                                                   ││ 📋 Profile detail                                       │
│ │ ▶ 🟢 dev  52m                                           ││ 🔐 name                dev                              │
│                                                           ││ 🌏 region              us-west-2                        │
│                                                           ││ 🧾 output              -                                │
│                                                           ││ 🧩 sso session         corp                             │
│                                                           ││ 🏢 account id          111122223333                     │
│                                                           ││ 🛡  role name           AdministratorAccess              │
│                                                           ││ 🎭 role arn            -                                │
│                                                           ││ 🔗 source              -                                │
│                                                           ││                                                         │
│                                                           ││ 🟢 session state       ok                               │
│                                                           ││ ⏳ session expires     2026-01-01T00:52:00Z             │
│                                                           ││ 🕘 last used           -                                │
│                                                           ││ 🔑 credential expires  -                                │
│                                                           ││                                                         │
│                                                           ││ 接続時は caller identity を取得して表示                 │
│                                                           ││                                                         │
│                                                           ││                                                         │
│                                                           ││                                                         │
│                                                           ││                                                         │
│                                                           ││                                                         │
│                                                           ││                                                         │
│                                                           ││                                                         │
│                                                           ││                                                         │
│                                                           ││                                                         │
╰───────────────────────────────────────────────────────────╯╰─────────────────────────────────────────────────────────╯