☁️  awsp profile selector
↑↓: move  Enter: select  type or /: filter  Esc: clear  q: quit
╭──────────────────────────────────────────────────────────╮╭─────────────────────────────────────────────────────────╮
│  🧭 Profiles                                             ││ 📋 Profile detail                                       │
│    🧹 (unset)  -                                         ││ 🔐 name                dev                              │
│ │ ▶ 🟢 dev  52m                                          ││ 🌏 region              us-west-2                        │
│    🔴 prod  -11h                                         ││ 🧾 output              -                                │
│    🪪 legacy  -                                          ││ 🧩 sso session         corp                             │
│                                                          ││ 🏢 account id          111122223333                     │
│                                                          ││ 🛡  role name           AdministratorAccess              │
│                                                          ││ 🎭 role arn            -                                │
│                                                          ││ 🔗 source              -                                │
│                                                          ││                                                         │
│                                                          ││ 🟢 session state       ok                               │
│                                                          ││ ⏳ session expires     2026-01-01T00:52:00Z             │
│                                                          ││ 🕘 last used           -                                │
│                                                          ││ 🔑 credential expires  -                                │
│                                                          ││                                                         │
│                                                          ││ 接続時は caller identity を取得して表示                 │
│                                                          ││                                                         │
│                                                          ││                                                         │
│                                                          ││                                                         │
│                                                          ││                                                         │
│                                                          ││                                                         │
│                                                          ││                                                         │
│                                                          ││                                                         │
│                                                          ││                                                         │
│                                                          ││                                                         │
╰──────────────────────────────────────────────────────────╯╰─────────────────────────────────────────────────────────╯